// Jest Snapshot v1, https://goo.gl/fbAQLP

exports[`Footer Snap Shot 1`] = `
.emotion-0 > div {
  display: -webkit-box;
  display: -webkit-flex;
  display: -ms-flexbox;
  display: flex;
  -webkit-align-items: center;
  -webkit-box-align: center;
  -ms-flex-align: center;
  align-items: center;
  -webkit-flex-direction: column;
  -ms-flex-direction: column;
  flex-direction: column;
  padding-top: 0.5rem;
  padding-bottom: 0.5rem;
  padding-left: 0.5rem;
  padding-right: 0.5rem;
}

@media (min-width:640px) {
  .emotion-0 > div {
    -webkit-flex-direction: row;
    -ms-flex-direction: row;
    flex-direction: row;
  }
}

@media (min-width:1024px) {
  .emotion-0 > div {
    padding-left: 1.5rem;
    padding-right: 1.5rem;
  }
}

.emotion-0 > div > p {
  font-size: 0.875rem;
  --text-opacity: 1;
  color: rgba(160,174,192,var(--text-opacity));
}

.emotion-0 > div > p > a {
  --text-opacity: 1;
  color: rgba(113,128,150,var(--text-opacity));
  margin-left: 0.25rem;
  -webkit-text-decoration: none;
  text-decoration: none;
}

<footer
  className="emotion-0 emotion-1"
>
  <div>
    <p>
      ©
      2020
       
      *WEBSITE TITLE* —
      <a
        href="https://twitter.com/uitspitss"
        rel="noopener noreferrer"
        target="_blank"
      >
        @uitspitss
      </a>
    </p>
  </div>
</footer>
`;
